INSTRUMENTATION_STATUS: class=com.setu.navigator.MapRenderingTest
INSTRUMENTATION_STATUS: current=1
INSTRUMENTATION_STATUS: id=AndroidJUnitRunner
INSTRUMENTATION_STATUS: numtests=4
INSTRUMENTATION_STATUS: stream=
com.setu.navigator.MapRenderingTest:
INSTRUMENTATION_STATUS: test=plannedNcrRouteRemainsRenderedWhenFollowingAndChangingTheme
INSTRUMENTATION_STATUS_CODE: 1
INSTRUMENTATION_STATUS: class=com.setu.navigator.MapRenderingTest
INSTRUMENTATION_STATUS: current=1
INSTRUMENTATION_STATUS: id=AndroidJUnitRunner
INSTRUMENTATION_STATUS: numtests=4
INSTRUMENTATION_STATUS: stream=.
INSTRUMENTATION_STATUS: test=plannedNcrRouteRemainsRenderedWhenFollowingAndChangingTheme
INSTRUMENTATION_STATUS_CODE: 0
INSTRUMENTATION_STATUS: class=com.setu.navigator.OnDeviceModelProviderTest
INSTRUMENTATION_STATUS: current=2
INSTRUMENTATION_STATUS: id=AndroidJUnitRunner
INSTRUMENTATION_STATUS: numtests=4
INSTRUMENTATION_STATUS: stream=
com.setu.navigator.OnDeviceModelProviderTest:
INSTRUMENTATION_STATUS: test=actualPackagedModelRunsLocallyButUnapprovedPredictionsCannotFuse
INSTRUMENTATION_STATUS_CODE: 1
INSTRUMENTATION_STATUS: class=com.setu.navigator.OnDeviceModelProviderTest
INSTRUMENTATION_STATUS: current=2
INSTRUMENTATION_STATUS: id=AndroidJUnitRunner
INSTRUMENTATION_STATUS: numtests=4
INSTRUMENTATION_STATUS: stream=.
INSTRUMENTATION_STATUS: test=actualPackagedModelRunsLocallyButUnapprovedPredictionsCannotFuse
INSTRUMENTATION_STATUS_CODE: 0
INSTRUMENTATION_STATUS: class=com.setu.navigator.PhysicalRecordingTest
INSTRUMENTATION_STATUS: current=3
INSTRUMENTATION_STATUS: id=AndroidJUnitRunner
INSTRUMENTATION_STATUS: numtests=4
INSTRUMENTATION_STATUS: stream=
com.setu.navigator.PhysicalRecordingTest:
INSTRUMENTATION_STATUS: test=actualImuRecordingContinuesInForegroundWithoutLocationOrModelSharing
INSTRUMENTATION_STATUS_CODE: 1
INSTRUMENTATION_STATUS: class=com.setu.navigator.PhysicalRecordingTest
INSTRUMENTATION_STATUS: current=3
INSTRUMENTATION_STATUS: id=AndroidJUnitRunner
INSTRUMENTATION_STATUS: numtests=4
INSTRUMENTATION_STATUS: stream=.
INSTRUMENTATION_STATUS: test=actualImuRecordingContinuesInForegroundWithoutLocationOrModelSharing
INSTRUMENTATION_STATUS_CODE: 0
INSTRUMENTATION_STATUS: class=com.setu.navigator.PhysicalRecordingTest
INSTRUMENTATION_STATUS: current=4
INSTRUMENTATION_STATUS: id=AndroidJUnitRunner
INSTRUMENTATION_STATUS: numtests=4
INSTRUMENTATION_STATUS: stream=
INSTRUMENTATION_STATUS: test=actualImuRecordingContinuesInBackgroundWithoutLocationOrModelSharing
INSTRUMENTATION_STATUS_CODE: 1
INSTRUMENTATION_STATUS: class=com.setu.navigator.PhysicalRecordingTest
INSTRUMENTATION_STATUS: current=4
INSTRUMENTATION_STATUS: id=AndroidJUnitRunner
INSTRUMENTATION_STATUS: numtests=4
INSTRUMENTATION_STATUS: stream=.
INSTRUMENTATION_STATUS: test=actualImuRecordingContinuesInBackgroundWithoutLocationOrModelSharing
INSTRUMENTATION_STATUS_CODE: 0
INSTRUMENTATION_RESULT: stream=

Time: 150.527

OK (4 tests)


INSTRUMENTATION_CODE: -1
