INSTRUMENTATION_STATUS: class=com.setu.navigator.TrainingCollectionTest
INSTRUMENTATION_STATUS: current=1
INSTRUMENTATION_STATUS: id=AndroidJUnitRunner
INSTRUMENTATION_STATUS: numtests=23
INSTRUMENTATION_STATUS: stream=
com.setu.navigator.TrainingCollectionTest:
INSTRUMENTATION_STATUS: test=phoneRecordsAndExportsPortableTrainingBundle
INSTRUMENTATION_STATUS_CODE: 1
INSTRUMENTATION_STATUS: class=com.setu.navigator.TrainingCollectionTest
INSTRUMENTATION_STATUS: current=1
INSTRUMENTATION_STATUS: id=AndroidJUnitRunner
INSTRUMENTATION_STATUS: numtests=23
INSTRUMENTATION_STATUS: stream=.
INSTRUMENTATION_STATUS: test=phoneRecordsAndExportsPortableTrainingBundle
INSTRUMENTATION_STATUS_CODE: 0
INSTRUMENTATION_STATUS: class=com.setu.navigator.TrainingCollectionTest
INSTRUMENTATION_STATUS: current=2
INSTRUMENTATION_STATUS: id=AndroidJUnitRunner
INSTRUMENTATION_STATUS: numtests=23
INSTRUMENTATION_STATUS: stream=
INSTRUMENTATION_STATUS: test=gpsReferenceChangesCannotLeakIntoTheWithheldTrajectory
INSTRUMENTATION_STATUS_CODE: 1
INSTRUMENTATION_STATUS: class=com.setu.navigator.TrainingCollectionTest
INSTRUMENTATION_STATUS: current=2
INSTRUMENTATION_STATUS: id=AndroidJUnitRunner
INSTRUMENTATION_STATUS: numtests=23
INSTRUMENTATION_STATUS: stream=.
INSTRUMENTATION_STATUS: test=gpsReferenceChangesCannotLeakIntoTheWithheldTrajectory
INSTRUMENTATION_STATUS_CODE: 0
INSTRUMENTATION_STATUS: class=com.setu.navigator.TrainingCollectionTest
INSTRUMENTATION_STATUS: current=3
INSTRUMENTATION_STATUS: id=AndroidJUnitRunner
INSTRUMENTATION_STATUS: numtests=23
INSTRUMENTATION_STATUS: stream=
INSTRUMENTATION_STATUS: test=shadowReplayWorksAcrossRebootsAndReportsMissingHeadingHonestly
INSTRUMENTATION_STATUS_CODE: 1
INSTRUMENTATION_STATUS: class=com.setu.navigator.TrainingCollectionTest
INSTRUMENTATION_STATUS: current=3
INSTRUMENTATION_STATUS: id=AndroidJUnitRunner
INSTRUMENTATION_STATUS: numtests=23
INSTRUMENTATION_STATUS: stream=.
INSTRUMENTATION_STATUS: test=shadowReplayWorksAcrossRebootsAndReportsMissingHeadingHonestly
INSTRUMENTATION_STATUS_CODE: 0
INSTRUMENTATION_STATUS: class=com.setu.navigator.TrainingCollectionUiTest
INSTRUMENTATION_STATUS: current=4
INSTRUMENTATION_STATUS: id=AndroidJUnitRunner
INSTRUMENTATION_STATUS: numtests=23
INSTRUMENTATION_STATUS: stream=
com.setu.navigator.TrainingCollectionUiTest:
INSTRUMENTATION_STATUS: test=trainingControlsExplainCollectionAndRequireExplicitExport
INSTRUMENTATION_STATUS_CODE: 1
INSTRUMENTATION_STATUS: class=com.setu.navigator.TrainingCollectionUiTest
INSTRUMENTATION_STATUS: current=4
INSTRUMENTATION_STATUS: id=AndroidJUnitRunner
INSTRUMENTATION_STATUS: numtests=23
INSTRUMENTATION_STATUS: stream=.
INSTRUMENTATION_STATUS: test=trainingControlsExplainCollectionAndRequireExplicitExport
INSTRUMENTATION_STATUS_CODE: 0
INSTRUMENTATION_STATUS: class=com.setu.navigator.GnssObservationTest
INSTRUMENTATION_STATUS: current=5
INSTRUMENTATION_STATUS: id=AndroidJUnitRunner
INSTRUMENTATION_STATUS: numtests=23
INSTRUMENTATION_STATUS: stream=
com.setu.navigator.GnssObservationTest:
INSTRUMENTATION_STATUS: test=duplicateDelayedAndFutureFixesDoNotReplaceLatestOrEnterLog
INSTRUMENTATION_STATUS_CODE: 1
INSTRUMENTATION_STATUS: class=com.setu.navigator.GnssObservationTest
INSTRUMENTATION_STATUS: current=5
INSTRUMENTATION_STATUS: id=AndroidJUnitRunner
INSTRUMENTATION_STATUS: numtests=23
INSTRUMENTATION_STATUS: stream=.
INSTRUMENTATION_STATUS: test=duplicateDelayedAndFutureFixesDoNotReplaceLatestOrEnterLog
INSTRUMENTATION_STATUS_CODE: 0
INSTRUMENTATION_STATUS: class=com.setu.navigator.GnssObservationTest
INSTRUMENTATION_STATUS: current=6
INSTRUMENTATION_STATUS: id=AndroidJUnitRunner
INSTRUMENTATION_STATUS: numtests=23
INSTRUMENTATION_STATUS: stream=
INSTRUMENTATION_STATUS: test=malformedMeasurementMetadataIsRejected
INSTRUMENTATION_STATUS_CODE: 1
INSTRUMENTATION_STATUS: class=com.setu.navigator.GnssObservationTest
INSTRUMENTATION_STATUS: current=6
INSTRUMENTATION_STATUS: id=AndroidJUnitRunner
INSTRUMENTATION_STATUS: numtests=23
INSTRUMENTATION_STATUS: stream=.
INSTRUMENTATION_STATUS: test=malformedMeasurementMetadataIsRejected
INSTRUMENTATION_STATUS_CODE: 0
INSTRUMENTATION_STATUS: class=com.setu.navigator.GnssObservationTest
INSTRUMENTATION_STATUS: current=7
INSTRUMENTATION_STATUS: id=AndroidJUnitRunner
INSTRUMENTATION_STATUS: numtests=23
INSTRUMENTATION_STATUS: stream=
INSTRUMENTATION_STATUS: test=invalidOrOrphanMeasurementsCannotBecomeObservations
INSTRUMENTATION_STATUS_CODE: 1
INSTRUMENTATION_STATUS: class=com.setu.navigator.GnssObservationTest
INSTRUMENTATION_STATUS: current=7
INSTRUMENTATION_STATUS: id=AndroidJUnitRunner
INSTRUMENTATION_STATUS: numtests=23
INSTRUMENTATION_STATUS: stream=.
INSTRUMENTATION_STATUS: test=invalidOrOrphanMeasurementsCannotBecomeObservations
INSTRUMENTATION_STATUS_CODE: 0
INSTRUMENTATION_STATUS: class=com.setu.navigator.GnssObservationTest
INSTRUMENTATION_STATUS: current=8
INSTRUMENTATION_STATUS: id=AndroidJUnitRunner
INSTRUMENTATION_STATUS: numtests=23
INSTRUMENTATION_STATUS: stream=
INSTRUMENTATION_STATUS: test=optionalMeasurementsPreserveMissingAndMeasuredZero
INSTRUMENTATION_STATUS_CODE: 1
INSTRUMENTATION_STATUS: class=com.setu.navigator.GnssObservationTest
INSTRUMENTATION_STATUS: current=8
INSTRUMENTATION_STATUS: id=AndroidJUnitRunner
INSTRUMENTATION_STATUS: numtests=23
INSTRUMENTATION_STATUS: stream=.
INSTRUMENTATION_STATUS: test=optionalMeasurementsPreserveMissingAndMeasuredZero
INSTRUMENTATION_STATUS_CODE: 0
INSTRUMENTATION_STATUS: class=com.setu.navigator.GnssObservationTest
INSTRUMENTATION_STATUS: current=9
INSTRUMENTATION_STATUS: id=AndroidJUnitRunner
INSTRUMENTATION_STATUS: numtests=23
INSTRUMENTATION_STATUS: stream=
INSTRUMENTATION_STATUS: test=legacyZeroMeasurementsAreUnknownAndNonzeroValuesSurvive
INSTRUMENTATION_STATUS_CODE: 1
INSTRUMENTATION_STATUS: class=com.setu.navigator.GnssObservationTest
INSTRUMENTATION_STATUS: current=9
INSTRUMENTATION_STATUS: id=AndroidJUnitRunner
INSTRUMENTATION_STATUS: numtests=23
INSTRUMENTATION_STATUS: stream=.
INSTRUMENTATION_STATUS: test=legacyZeroMeasurementsAreUnknownAndNonzeroValuesSurvive
INSTRUMENTATION_STATUS_CODE: 0
INSTRUMENTATION_STATUS: class=com.setu.navigator.TripStoreTest
INSTRUMENTATION_STATUS: current=10
INSTRUMENTATION_STATUS: id=AndroidJUnitRunner
INSTRUMENTATION_STATUS: numtests=23
INSTRUMENTATION_STATUS: stream=
com.setu.navigator.TripStoreTest:
INSTRUMENTATION_STATUS: test=malformedImportsLeaveNoOrphanFiles
INSTRUMENTATION_STATUS_CODE: 1
INSTRUMENTATION_STATUS: class=com.setu.navigator.TripStoreTest
INSTRUMENTATION_STATUS: current=10
INSTRUMENTATION_STATUS: id=AndroidJUnitRunner
INSTRUMENTATION_STATUS: numtests=23
INSTRUMENTATION_STATUS: stream=.
INSTRUMENTATION_STATUS: test=malformedImportsLeaveNoOrphanFiles
INSTRUMENTATION_STATUS_CODE: 0
INSTRUMENTATION_STATUS: class=com.setu.navigator.TripStoreTest
INSTRUMENTATION_STATUS: current=11
INSTRUMENTATION_STATUS: id=AndroidJUnitRunner
INSTRUMENTATION_STATUS: numtests=23
INSTRUMENTATION_STATUS: stream=
INSTRUMENTATION_STATUS: test=importExportAndDeleteRoundTrip
INSTRUMENTATION_STATUS_CODE: 1
INSTRUMENTATION_STATUS: class=com.setu.navigator.TripStoreTest
INSTRUMENTATION_STATUS: current=11
INSTRUMENTATION_STATUS: id=AndroidJUnitRunner
INSTRUMENTATION_STATUS: numtests=23
INSTRUMENTATION_STATUS: stream=.
INSTRUMENTATION_STATUS: test=importExportAndDeleteRoundTrip
INSTRUMENTATION_STATUS_CODE: 0
INSTRUMENTATION_STATUS: class=com.setu.navigator.TripStoreTest
INSTRUMENTATION_STATUS: current=12
INSTRUMENTATION_STATUS: id=AndroidJUnitRunner
INSTRUMENTATION_STATUS: numtests=23
INSTRUMENTATION_STATUS: stream=
INSTRUMENTATION_STATUS: test=recordedTrajectoryRetainsInertialPointsAndUncertaintySeparatelyFromRawGps
INSTRUMENTATION_STATUS_CODE: 1
INSTRUMENTATION_STATUS: class=com.setu.navigator.TripStoreTest
INSTRUMENTATION_STATUS: current=12
INSTRUMENTATION_STATUS: id=AndroidJUnitRunner
INSTRUMENTATION_STATUS: numtests=23
INSTRUMENTATION_STATUS: stream=.
INSTRUMENTATION_STATUS: test=recordedTrajectoryRetainsInertialPointsAndUncertaintySeparatelyFromRawGps
INSTRUMENTATION_STATUS_CODE: 0
INSTRUMENTATION_STATUS: class=com.setu.navigator.TripStoreTest
INSTRUMENTATION_STATUS: current=13
INSTRUMENTATION_STATUS: id=AndroidJUnitRunner
INSTRUMENTATION_STATUS: numtests=23
INSTRUMENTATION_STATUS: stream=
INSTRUMENTATION_STATUS: test=invalidTrajectoryUncertaintyAndUnknownStreamsAreRejected
INSTRUMENTATION_STATUS_CODE: 1
INSTRUMENTATION_STATUS: class=com.setu.navigator.TripStoreTest
INSTRUMENTATION_STATUS: current=13
INSTRUMENTATION_STATUS: id=AndroidJUnitRunner
INSTRUMENTATION_STATUS: numtests=23
INSTRUMENTATION_STATUS: stream=.
INSTRUMENTATION_STATUS: test=invalidTrajectoryUncertaintyAndUnknownStreamsAreRejected
INSTRUMENTATION_STATUS_CODE: 0
INSTRUMENTATION_STATUS: class=com.setu.navigator.TripStoreTest
INSTRUMENTATION_STATUS: current=14
INSTRUMENTATION_STATUS: id=AndroidJUnitRunner
INSTRUMENTATION_STATUS: numtests=23
INSTRUMENTATION_STATUS: stream=
INSTRUMENTATION_STATUS: test=optionalMeasurementsSurviveImportAndStoredMetadata
INSTRUMENTATION_STATUS_CODE: 1
INSTRUMENTATION_STATUS: class=com.setu.navigator.TripStoreTest
INSTRUMENTATION_STATUS: current=14
INSTRUMENTATION_STATUS: id=AndroidJUnitRunner
INSTRUMENTATION_STATUS: numtests=23
INSTRUMENTATION_STATUS: stream=.
INSTRUMENTATION_STATUS: test=optionalMeasurementsSurviveImportAndStoredMetadata
INSTRUMENTATION_STATUS_CODE: 0
INSTRUMENTATION_STATUS: class=com.setu.navigator.TripStoreTest
INSTRUMENTATION_STATUS: current=15
INSTRUMENTATION_STATUS: id=AndroidJUnitRunner
INSTRUMENTATION_STATUS: numtests=23
INSTRUMENTATION_STATUS: stream=
INSTRUMENTATION_STATUS: test=activeRecordingIsNotRecovered
INSTRUMENTATION_STATUS_CODE: 1
INSTRUMENTATION_STATUS: class=com.setu.navigator.TripStoreTest
INSTRUMENTATION_STATUS: current=15
INSTRUMENTATION_STATUS: id=AndroidJUnitRunner
INSTRUMENTATION_STATUS: numtests=23
INSTRUMENTATION_STATUS: stream=.
INSTRUMENTATION_STATUS: test=activeRecordingIsNotRecovered
INSTRUMENTATION_STATUS_CODE: 0
INSTRUMENTATION_STATUS: class=com.setu.navigator.TripStoreTest
INSTRUMENTATION_STATUS: current=16
INSTRUMENTATION_STATUS: id=AndroidJUnitRunner
INSTRUMENTATION_STATUS: numtests=23
INSTRUMENTATION_STATUS: stream=
INSTRUMENTATION_STATUS: test=interruptedFinalRecordIsRecoveredAndExportsCleanly
INSTRUMENTATION_STATUS_CODE: 1
INSTRUMENTATION_STATUS: class=com.setu.navigator.TripStoreTest
INSTRUMENTATION_STATUS: current=16
INSTRUMENTATION_STATUS: id=AndroidJUnitRunner
INSTRUMENTATION_STATUS: numtests=23
INSTRUMENTATION_STATUS: stream=.
INSTRUMENTATION_STATUS: test=interruptedFinalRecordIsRecoveredAndExportsCleanly
INSTRUMENTATION_STATUS_CODE: 0
INSTRUMENTATION_STATUS: class=com.setu.navigator.LocationLifecycleTest
INSTRUMENTATION_STATUS: current=17
INSTRUMENTATION_STATUS: id=AndroidJUnitRunner
INSTRUMENTATION_STATUS: numtests=23
INSTRUMENTATION_STATUS: stream=
com.setu.navigator.LocationLifecycleTest:
INSTRUMENTATION_STATUS: test=coldStartWithLocationOffObservesReenableWithoutRestart
INSTRUMENTATION_STATUS_CODE: 1
INSTRUMENTATION_STATUS: class=com.setu.navigator.LocationLifecycleTest
INSTRUMENTATION_STATUS: current=17
INSTRUMENTATION_STATUS: id=AndroidJUnitRunner
INSTRUMENTATION_STATUS: numtests=23
INSTRUMENTATION_STATUS: stream=.
INSTRUMENTATION_STATUS: test=coldStartWithLocationOffObservesReenableWithoutRestart
INSTRUMENTATION_STATUS_CODE: 0
INSTRUMENTATION_STATUS: class=com.setu.navigator.SensorFallbackTest
INSTRUMENTATION_STATUS: current=18
INSTRUMENTATION_STATUS: id=AndroidJUnitRunner
INSTRUMENTATION_STATUS: numtests=23
INSTRUMENTATION_STATUS: stream=
com.setu.navigator.SensorFallbackTest:
INSTRUMENTATION_STATUS: test=missingHardwareHeadingAccuracyStillUsesRealSensorPipelineThroughTurns
INSTRUMENTATION_STATUS_CODE: 1
INSTRUMENTATION_STATUS: class=com.setu.navigator.SensorFallbackTest
INSTRUMENTATION_STATUS: current=18
INSTRUMENTATION_STATUS: id=AndroidJUnitRunner
INSTRUMENTATION_STATUS: numtests=23
INSTRUMENTATION_STATUS: stream=.
INSTRUMENTATION_STATUS: test=missingHardwareHeadingAccuracyStillUsesRealSensorPipelineThroughTurns
INSTRUMENTATION_STATUS_CODE: 0
INSTRUMENTATION_STATUS: class=com.setu.navigator.SensorFallbackTest
INSTRUMENTATION_STATUS: current=19
INSTRUMENTATION_STATUS: id=AndroidJUnitRunner
INSTRUMENTATION_STATUS: numtests=23
INSTRUMENTATION_STATUS: stream=
INSTRUMENTATION_STATUS: test=capturedPhysicalSensorsCanBeReplayedWithoutLeakingCoordinates
INSTRUMENTATION_STATUS_CODE: 1
INSTRUMENTATION_STATUS: class=com.setu.navigator.SensorFallbackTest
INSTRUMENTATION_STATUS: current=19
INSTRUMENTATION_STATUS: id=AndroidJUnitRunner
INSTRUMENTATION_STATUS: numtests=23
INSTRUMENTATION_STATUS: stack=org.junit.AssumptionViolatedException: got: <false>, expected: is <true>
	at org.junit.Assume.assumeThat(Assume.java:106)
	at org.junit.Assume.assumeTrue(Assume.java:50)
	at com.setu.navigator.SensorFallbackTest.capturedPhysicalSensorsCanBeReplayedWithoutLeakingCoordinates(SensorFallbackTest.kt:194)

INSTRUMENTATION_STATUS: stream=
INSTRUMENTATION_STATUS: test=capturedPhysicalSensorsCanBeReplayedWithoutLeakingCoordinates
INSTRUMENTATION_STATUS_CODE: -4
INSTRUMENTATION_STATUS: class=com.setu.navigator.SensorFallbackTest
INSTRUMENTATION_STATUS: current=20
INSTRUMENTATION_STATUS: id=AndroidJUnitRunner
INSTRUMENTATION_STATUS: numtests=23
INSTRUMENTATION_STATUS: stream=
INSTRUMENTATION_STATUS: test=nativePositionsPublishAtTenHertzDuringGpsAndSensorOnlySegments
INSTRUMENTATION_STATUS_CODE: 1
INSTRUMENTATION_STATUS: class=com.setu.navigator.SensorFallbackTest
INSTRUMENTATION_STATUS: current=20
INSTRUMENTATION_STATUS: id=AndroidJUnitRunner
INSTRUMENTATION_STATUS: numtests=23
INSTRUMENTATION_STATUS: stream=.
INSTRUMENTATION_STATUS: test=nativePositionsPublishAtTenHertzDuringGpsAndSensorOnlySegments
INSTRUMENTATION_STATUS_CODE: 0
INSTRUMENTATION_STATUS: class=com.setu.navigator.SensorFallbackTest
INSTRUMENTATION_STATUS: current=21
INSTRUMENTATION_STATUS: id=AndroidJUnitRunner
INSTRUMENTATION_STATUS: numtests=23
INSTRUMENTATION_STATUS: stream=
INSTRUMENTATION_STATUS: test=gpsMotionCalibratesThroughAccelerationAndTurnsWithoutACompassHeading
INSTRUMENTATION_STATUS_CODE: 1
INSTRUMENTATION_STATUS: class=com.setu.navigator.SensorFallbackTest
INSTRUMENTATION_STATUS: current=21
INSTRUMENTATION_STATUS: id=AndroidJUnitRunner
INSTRUMENTATION_STATUS: numtests=23
INSTRUMENTATION_STATUS: stream=.
INSTRUMENTATION_STATUS: test=gpsMotionCalibratesThroughAccelerationAndTurnsWithoutACompassHeading
INSTRUMENTATION_STATUS_CODE: 0
INSTRUMENTATION_STATUS: class=com.setu.navigator.SensorFallbackTest
INSTRUMENTATION_STATUS: current=22
INSTRUMENTATION_STATUS: id=AndroidJUnitRunner
INSTRUMENTATION_STATUS: numtests=23
INSTRUMENTATION_STATUS: stream=
INSTRUMENTATION_STATUS: test=coldStartWithoutGpsNeverInventsAnAbsolutePosition
INSTRUMENTATION_STATUS_CODE: 1
INSTRUMENTATION_STATUS: class=com.setu.navigator.SensorFallbackTest
INSTRUMENTATION_STATUS: current=22
INSTRUMENTATION_STATUS: id=AndroidJUnitRunner
INSTRUMENTATION_STATUS: numtests=23
INSTRUMENTATION_STATUS: stream=.
INSTRUMENTATION_STATUS: test=coldStartWithoutGpsNeverInventsAnAbsolutePosition
INSTRUMENTATION_STATUS_CODE: 0
INSTRUMENTATION_STATUS: class=com.setu.navigator.SensorFallbackTest
INSTRUMENTATION_STATUS: current=23
INSTRUMENTATION_STATUS: id=AndroidJUnitRunner
INSTRUMENTATION_STATUS: numtests=23
INSTRUMENTATION_STATUS: stream=
INSTRUMENTATION_STATUS: test=disturbedMagnetometerDoesNotBypassHeadingChecks
INSTRUMENTATION_STATUS_CODE: 1
INSTRUMENTATION_STATUS: class=com.setu.navigator.SensorFallbackTest
INSTRUMENTATION_STATUS: current=23
INSTRUMENTATION_STATUS: id=AndroidJUnitRunner
INSTRUMENTATION_STATUS: numtests=23
INSTRUMENTATION_STATUS: stream=.
INSTRUMENTATION_STATUS: test=disturbedMagnetometerDoesNotBypassHeadingChecks
INSTRUMENTATION_STATUS_CODE: 0
INSTRUMENTATION_RESULT: stream=

Time: 29.801

OK (23 tests)


INSTRUMENTATION_CODE: -1
