INSTRUMENTATION_STATUS: class=com.setu.navigator.TrainingCollectionTest
INSTRUMENTATION_STATUS: current=1
INSTRUMENTATION_STATUS: id=AndroidJUnitRunner
INSTRUMENTATION_STATUS: numtests=4
INSTRUMENTATION_STATUS: stream=
com.setu.navigator.TrainingCollectionTest:
INSTRUMENTATION_STATUS: test=phoneRecordsAndExportsPortableTrainingBundle
INSTRUMENTATION_STATUS_CODE: 1
INSTRUMENTATION_STATUS: class=com.setu.navigator.TrainingCollectionTest
INSTRUMENTATION_STATUS: current=1
INSTRUMENTATION_STATUS: id=AndroidJUnitRunner
INSTRUMENTATION_STATUS: numtests=4
INSTRUMENTATION_STATUS: stream=.
INSTRUMENTATION_STATUS: test=phoneRecordsAndExportsPortableTrainingBundle
INSTRUMENTATION_STATUS_CODE: 0
INSTRUMENTATION_STATUS: class=com.setu.navigator.TrainingCollectionTest
INSTRUMENTATION_STATUS: current=2
INSTRUMENTATION_STATUS: id=AndroidJUnitRunner
INSTRUMENTATION_STATUS: numtests=4
INSTRUMENTATION_STATUS: stream=
INSTRUMENTATION_STATUS: test=gpsReferenceChangesCannotLeakIntoTheWithheldTrajectory
INSTRUMENTATION_STATUS_CODE: 1
INSTRUMENTATION_STATUS: class=com.setu.navigator.TrainingCollectionTest
INSTRUMENTATION_STATUS: current=2
INSTRUMENTATION_STATUS: id=AndroidJUnitRunner
INSTRUMENTATION_STATUS: numtests=4
INSTRUMENTATION_STATUS: stream=.
INSTRUMENTATION_STATUS: test=gpsReferenceChangesCannotLeakIntoTheWithheldTrajectory
INSTRUMENTATION_STATUS_CODE: 0
INSTRUMENTATION_STATUS: class=com.setu.navigator.TrainingCollectionTest
INSTRUMENTATION_STATUS: current=3
INSTRUMENTATION_STATUS: id=AndroidJUnitRunner
INSTRUMENTATION_STATUS: numtests=4
INSTRUMENTATION_STATUS: stream=
INSTRUMENTATION_STATUS: test=shadowReplayWorksAcrossRebootsAndReportsMissingHeadingHonestly
INSTRUMENTATION_STATUS_CODE: 1
INSTRUMENTATION_STATUS: class=com.setu.navigator.TrainingCollectionTest
INSTRUMENTATION_STATUS: current=3
INSTRUMENTATION_STATUS: id=AndroidJUnitRunner
INSTRUMENTATION_STATUS: numtests=4
INSTRUMENTATION_STATUS: stream=.
INSTRUMENTATION_STATUS: test=shadowReplayWorksAcrossRebootsAndReportsMissingHeadingHonestly
INSTRUMENTATION_STATUS_CODE: 0
INSTRUMENTATION_STATUS: class=com.setu.navigator.TrainingCollectionUiTest
INSTRUMENTATION_STATUS: current=4
INSTRUMENTATION_STATUS: id=AndroidJUnitRunner
INSTRUMENTATION_STATUS: numtests=4
INSTRUMENTATION_STATUS: stream=
com.setu.navigator.TrainingCollectionUiTest:
INSTRUMENTATION_STATUS: test=trainingControlsExplainCollectionAndRequireExplicitExport
INSTRUMENTATION_STATUS_CODE: 1
INSTRUMENTATION_STATUS: class=com.setu.navigator.TrainingCollectionUiTest
INSTRUMENTATION_STATUS: current=4
INSTRUMENTATION_STATUS: id=AndroidJUnitRunner
INSTRUMENTATION_STATUS: numtests=4
INSTRUMENTATION_STATUS: stream=.
INSTRUMENTATION_STATUS: test=trainingControlsExplainCollectionAndRequireExplicitExport
INSTRUMENTATION_STATUS_CODE: 0
INSTRUMENTATION_RESULT: stream=

Time: 26.202

OK (4 tests)


INSTRUMENTATION_CODE: -1
