
C:\Users\AKSHIT JAIN\OneDrive\Desktop\something-main\data\query\SETU>if "Windows_NT" == "Windows_NT" setlocal

C:\Users\AKSHIT JAIN\OneDrive\Desktop\something-main\data\query\SETU>set DIRNAME=C:\Users\AKSHIT JAIN\OneDrive\Desktop\something-main\data\query\SETU\android\ 

C:\Users\AKSHIT JAIN\OneDrive\Desktop\something-main\data\query\SETU>if "C:\Users\AKSHIT JAIN\OneDrive\Desktop\something-main\data\query\SETU\android\" == "" set DIRNAME=. 

C:\Users\AKSHIT JAIN\OneDrive\Desktop\something-main\data\query\SETU>set APP_BASE_NAME=gradlew 

C:\Users\AKSHIT JAIN\OneDrive\Desktop\something-main\data\query\SETU>set APP_HOME=C:\Users\AKSHIT JAIN\OneDrive\Desktop\something-main\data\query\SETU\android\ 

C:\Users\AKSHIT JAIN\OneDrive\Desktop\something-main\data\query\SETU>for %i in ("C:\Users\AKSHIT JAIN\OneDrive\Desktop\something-main\data\query\SETU\android\") do set APP_HOME=%~fi 

C:\Users\AKSHIT JAIN\OneDrive\Desktop\something-main\data\query\SETU>set APP_HOME=C:\Users\AKSHIT JAIN\OneDrive\Desktop\something-main\data\query\SETU\android\ 

C:\Users\AKSHIT JAIN\OneDrive\Desktop\something-main\data\query\SETU>set DEFAULT_JVM_OPTS="-Xmx64m" "-Xms64m" 

C:\Users\AKSHIT JAIN\OneDrive\Desktop\something-main\data\query\SETU>if defined JAVA_HOME goto findJavaFromJavaHome 

C:\Users\AKSHIT JAIN\OneDrive\Desktop\something-main\data\query\SETU>set JAVA_HOME=C:\Program Files\Android\Android Studio\jbr 

C:\Users\AKSHIT JAIN\OneDrive\Desktop\something-main\data\query\SETU>set JAVA_EXE=C:\Program Files\Android\Android Studio\jbr/bin/java.exe 

C:\Users\AKSHIT JAIN\OneDrive\Desktop\something-main\data\query\SETU>if exist "C:\Program Files\Android\Android Studio\jbr/bin/java.exe" goto execute 

C:\Users\AKSHIT JAIN\OneDrive\Desktop\something-main\data\query\SETU>"C:\Program Files\Android\Android Studio\jbr/bin/java.exe" "-Xmx64m" "-Xms64m"   "-Dorg.gradle.appname=gradlew" -jar "C:\Users\AKSHIT JAIN\OneDrive\Desktop\something-main\data\query\SETU\android\\gradle\wrapper\gradle-wrapper.jar" -p android "-PsetuBuildDirectory=C:\Users\AKSHIT JAIN\AppData\Local\SETU\android-build" "-Dorg.gradle.jvmargs=-Xmx1024m -Dfile.encoding=UTF-8" --no-daemon --max-workers=1 :app:assembleDebug 
To honour the JVM settings for this build a single-use Daemon process will be forked. For more on this, please refer to https://docs.gradle.org/9.4.1/userguide/gradle_daemon.html#sec:disabling_the_daemon in the Gradle documentation.
Daemon will be stopped at the end of the build 
> Task :app:preBuild UP-TO-DATE
> Task :app:preDebugBuild UP-TO-DATE
> Task :app:mergeDebugNativeDebugMetadata NO-SOURCE
> Task :app:generateDebugBuildConfig UP-TO-DATE
> Task :app:generateDebugResources UP-TO-DATE
> Task :app:packageDebugResources UP-TO-DATE
> Task :app:processDebugNavigationResources UP-TO-DATE
> Task :app:parseDebugLocalResources UP-TO-DATE
> Task :app:generateDebugRFile UP-TO-DATE
> Task :app:compileDebugKotlin UP-TO-DATE
> Task :app:javaPreCompileDebug UP-TO-DATE
> Task :app:compileDebugJavaWithJavac UP-TO-DATE
> Task :app:generateDebugAssets UP-TO-DATE
> Task :app:mergeDebugAssets UP-TO-DATE
> Task :app:compressDebugAssets UP-TO-DATE
> Task :app:generateDebugGlobalSynthetics UP-TO-DATE
> Task :app:processDebugJavaRes UP-TO-DATE
> Task :app:mergeDebugJavaResource UP-TO-DATE
> Task :app:checkDebugDuplicateClasses UP-TO-DATE
> Task :app:desugarDebugFileDependencies UP-TO-DATE
> Task :app:mergeExtDexDebug UP-TO-DATE
> Task :app:mergeLibDexDebug UP-TO-DATE
> Task :app:checkDebugAarMetadata UP-TO-DATE
> Task :app:mapDebugSourceSetPaths UP-TO-DATE
> Task :app:compileDebugNavigationResources UP-TO-DATE
> Task :app:mergeDebugResources UP-TO-DATE
> Task :app:createDebugCompatibleScreenManifests UP-TO-DATE
> Task :app:extractDeepLinksDebug UP-TO-DATE
> Task :app:processDebugMainManifest UP-TO-DATE
> Task :app:processDebugManifest UP-TO-DATE
> Task :app:processDebugManifestForPackage UP-TO-DATE
> Task :app:processDebugResources UP-TO-DATE
> Task :app:dexBuilderDebug UP-TO-DATE
> Task :app:mergeProjectDexDebug UP-TO-DATE
> Task :app:configureCMakeDebug[arm64-v8a]
> Task :app:buildCMakeDebug[arm64-v8a]
> Task :app:configureCMakeDebug[x86_64]
> Task :app:buildCMakeDebug[x86_64]
> Task :app:mergeDebugJniLibFolders UP-TO-DATE
> Task :app:mergeDebugNativeLibs UP-TO-DATE
> Task :app:stripDebugDebugSymbols UP-TO-DATE
> Task :app:validateSigningDebug UP-TO-DATE
> Task :app:writeDebugAppMetadata UP-TO-DATE
> Task :app:writeDebugSigningConfigVersions UP-TO-DATE
> Task :app:packageDebug
> Task :app:createDebugApkListingFileRedirect UP-TO-DATE
> Task :app:assembleDebug

BUILD SUCCESSFUL in 36s
42 actionable tasks: 5 executed, 37 up-to-date
Consider enabling configuration cache to speed up this build: https://docs.gradle.org/9.4.1/userguide/configuration_cache_enabling.html

C:\Users\AKSHIT JAIN\OneDrive\Desktop\something-main\data\query\SETU>if 0 EQU 0 goto mainEnd 

C:\Users\AKSHIT JAIN\OneDrive\Desktop\something-main\data\query\SETU>if "Windows_NT" == "Windows_NT" endlocal
