
C:\Users\AKSHIT JAIN\OneDrive\Desktop\something-main\data\query\SETU>if "Windows_NT" == "Windows_NT" setlocal

C:\Users\AKSHIT JAIN\OneDrive\Desktop\something-main\data\query\SETU>set DIRNAME=C:\Users\AKSHIT JAIN\OneDrive\Desktop\something-main\data\query\SETU\android\ 

C:\Users\AKSHIT JAIN\OneDrive\Desktop\something-main\data\query\SETU>if "C:\Users\AKSHIT JAIN\OneDrive\Desktop\something-main\data\query\SETU\android\" == "" set DIRNAME=. 

C:\Users\AKSHIT JAIN\OneDrive\Desktop\something-main\data\query\SETU>set APP_BASE_NAME=gradlew 

C:\Users\AKSHIT JAIN\OneDrive\Desktop\something-main\data\query\SETU>set APP_HOME=C:\Users\AKSHIT JAIN\OneDrive\Desktop\something-main\data\query\SETU\android\ 

C:\Users\AKSHIT JAIN\OneDrive\Desktop\something-main\data\query\SETU>for %i in ("C:\Users\AKSHIT JAIN\OneDrive\Desktop\something-main\data\query\SETU\android\") do set APP_HOME=%~fi 

C:\Users\AKSHIT JAIN\OneDrive\Desktop\something-main\data\query\SETU>set APP_HOME=C:\Users\AKSHIT JAIN\OneDrive\Desktop\something-main\data\query\SETU\android\ 

C:\Users\AKSHIT JAIN\OneDrive\Desktop\something-main\data\query\SETU>set DEFAULT_JVM_OPTS="-Xmx64m" "-Xms64m" 

C:\Users\AKSHIT JAIN\OneDrive\Desktop\something-main\data\query\SETU>if defined JAVA_HOME goto findJavaFromJavaHome 

C:\Users\AKSHIT JAIN\OneDrive\Desktop\something-main\data\query\SETU>set JAVA_HOME=C:\Program Files\Android\Android Studio\jbr 

C:\Users\AKSHIT JAIN\OneDrive\Desktop\something-main\data\query\SETU>set JAVA_EXE=C:\Program Files\Android\Android Studio\jbr/bin/java.exe 

C:\Users\AKSHIT JAIN\OneDrive\Desktop\something-main\data\query\SETU>if exist "C:\Program Files\Android\Android Studio\jbr/bin/java.exe" goto execute 

C:\Users\AKSHIT JAIN\OneDrive\Desktop\something-main\data\query\SETU>"C:\Program Files\Android\Android Studio\jbr/bin/java.exe" "-Xmx64m" "-Xms64m"   "-Dorg.gradle.appname=gradlew" -jar "C:\Users\AKSHIT JAIN\OneDrive\Desktop\something-main\data\query\SETU\android\\gradle\wrapper\gradle-wrapper.jar" -p android "-PsetuBuildDirectory=C:\Users\AKSHIT JAIN\AppData\Local\SETU\android-build" "-Dorg.gradle.jvmargs=-Xmx1024m -Dfile.encoding=UTF-8" --no-daemon --max-workers=1 :app:assembleDebug :app:assembleDebugAndroidTest :app:testDebugUnitTest :app:lintDebug 
To honour the JVM settings for this build a single-use Daemon process will be forked. For more on this, please refer to https://docs.gradle.org/9.4.1/userguide/gradle_daemon.html#sec:disabling_the_daemon in the Gradle documentation.
Daemon will be stopped at the end of the build 
> Task :app:preBuild UP-TO-DATE
> Task :app:preDebugBuild UP-TO-DATE
> Task :app:mergeDebugNativeDebugMetadata NO-SOURCE
> Task :app:generateDebugBuildConfig UP-TO-DATE
> Task :app:generateDebugResources UP-TO-DATE
> Task :app:packageDebugResources UP-TO-DATE
> Task :app:processDebugNavigationResources UP-TO-DATE
> Task :app:parseDebugLocalResources UP-TO-DATE
> Task :app:generateDebugRFile UP-TO-DATE
> Task :app:compileDebugKotlin
w: file:///C:/Users/AKSHIT%20JAIN/OneDrive/Desktop/something-main/data/query/SETU/android/app/src/main/java/com/setu/navigator/ui/DriveScreen.kt:67:21 Unnecessary safe call on a non-null receiver of type 'Pose'.
w: file:///C:/Users/AKSHIT%20JAIN/OneDrive/Desktop/something-main/data/query/SETU/android/app/src/main/java/com/setu/navigator/ui/DriveScreen.kt:70:36 Unnecessary safe call on a non-null receiver of type 'Pose'.
w: file:///C:/Users/AKSHIT%20JAIN/OneDrive/Desktop/something-main/data/query/SETU/android/app/src/main/java/com/setu/navigator/ui/DriveScreen.kt:72:21 Unnecessary safe call on a non-null receiver of type 'Pose'.
w: file:///C:/Users/AKSHIT%20JAIN/OneDrive/Desktop/something-main/data/query/SETU/android/app/src/main/java/com/setu/navigator/ui/DriveScreen.kt:259:45 'val Icons.Outlined.ArrowForward: ImageVector' is deprecated. Use the AutoMirrored version at Icons.AutoMirrored.Outlined.ArrowForward.
w: file:///C:/Users/AKSHIT%20JAIN/OneDrive/Desktop/something-main/data/query/SETU/android/app/src/main/java/com/setu/navigator/ui/DriveScreen.kt:370:72 Unnecessary non-null assertion (!!) on a non-null receiver of type 'PositioningDemo'.
w: file:///C:/Users/AKSHIT%20JAIN/OneDrive/Desktop/something-main/data/query/SETU/android/app/src/main/java/com/setu/navigator/ui/NavigationMap.kt:86:26 This declaration overrides a deprecated member but is not marked as deprecated itself. Add the '@Deprecated' annotation or suppress the diagnostic.
w: file:///C:/Users/AKSHIT%20JAIN/OneDrive/Desktop/something-main/data/query/SETU/android/app/src/main/java/com/setu/navigator/ui/NavigationMap.kt:88:50 'static field TRIM_MEMORY_RUNNING_LOW: Int' is deprecated. Deprecated in Java.
w: file:///C:/Users/AKSHIT%20JAIN/OneDrive/Desktop/something-main/data/query/SETU/android/app/src/main/java/com/setu/navigator/ui/NavigationMap.kt:88:106 'static field TRIM_MEMORY_RUNNING_CRITICAL: Int' is deprecated. Deprecated in Java.
w: file:///C:/Users/AKSHIT%20JAIN/OneDrive/Desktop/something-main/data/query/SETU/android/app/src/main/java/com/setu/navigator/ui/SetuApp.kt:172:110 'val Icons.Outlined.ArrowBack: ImageVector' is deprecated. Use the AutoMirrored version at Icons.AutoMirrored.Outlined.ArrowBack.

> Task :app:javaPreCompileDebug UP-TO-DATE
> Task :app:compileDebugJavaWithJavac UP-TO-DATE
> Task :app:generateDebugAssets UP-TO-DATE
> Task :app:mergeDebugAssets
> Task :app:compressDebugAssets
> Task :app:generateDebugGlobalSynthetics UP-TO-DATE
> Task :app:processDebugJavaRes UP-TO-DATE
> Task :app:mergeDebugJavaResource UP-TO-DATE
> Task :app:checkDebugDuplicateClasses UP-TO-DATE
> Task :app:desugarDebugFileDependencies UP-TO-DATE
> Task :app:mergeExtDexDebug UP-TO-DATE
> Task :app:mergeLibDexDebug UP-TO-DATE
> Task :app:checkDebugAarMetadata UP-TO-DATE
> Task :app:mapDebugSourceSetPaths UP-TO-DATE
> Task :app:compileDebugNavigationResources UP-TO-DATE
> Task :app:mergeDebugResources UP-TO-DATE
> Task :app:createDebugCompatibleScreenManifests UP-TO-DATE
> Task :app:extractDeepLinksDebug UP-TO-DATE
> Task :app:processDebugMainManifest UP-TO-DATE
> Task :app:processDebugManifest UP-TO-DATE
> Task :app:processDebugManifestForPackage UP-TO-DATE
> Task :app:processDebugResources UP-TO-DATE
> Task :app:dexBuilderDebug
> Task :app:mergeProjectDexDebug
> Task :app:configureCMakeDebug[arm64-v8a]
> Task :app:buildCMakeDebug[arm64-v8a]
> Task :app:configureCMakeDebug[x86_64]
> Task :app:buildCMakeDebug[x86_64]
> Task :app:mergeDebugJniLibFolders UP-TO-DATE
> Task :app:mergeDebugNativeLibs UP-TO-DATE
> Task :app:stripDebugDebugSymbols UP-TO-DATE
> Task :app:validateSigningDebug UP-TO-DATE
> Task :app:writeDebugAppMetadata UP-TO-DATE
> Task :app:writeDebugSigningConfigVersions UP-TO-DATE
> Task :app:packageDebug
> Task :app:createDebugApkListingFileRedirect UP-TO-DATE
> Task :app:assembleDebug
> Task :app:bundleDebugClassesToCompileJar
> Task :app:preDebugAndroidTestBuild SKIPPED
> Task :app:processDebugAndroidTestManifest UP-TO-DATE
> Task :app:generateDebugAndroidTestBuildConfig UP-TO-DATE
> Task :app:generateDebugAndroidTestResources UP-TO-DATE
> Task :app:packageDebugAndroidTestResources UP-TO-DATE
> Task :app:processDebugAndroidTestNavigationResources UP-TO-DATE
> Task :app:parseDebugAndroidTestLocalResources UP-TO-DATE
> Task :app:generateDebugAndroidTestRFile UP-TO-DATE
> Task :app:compileDebugAndroidTestKotlin
> Task :app:javaPreCompileDebugAndroidTest UP-TO-DATE
> Task :app:compileDebugAndroidTestJavaWithJavac UP-TO-DATE
> Task :app:generateDebugAndroidTestAssets UP-TO-DATE
> Task :app:mergeDebugAndroidTestAssets UP-TO-DATE
> Task :app:compressDebugAndroidTestAssets UP-TO-DATE
> Task :app:generateDebugAndroidTestGlobalSynthetics UP-TO-DATE
> Task :app:processDebugAndroidTestJavaRes UP-TO-DATE
> Task :app:mergeDebugAndroidTestJavaResource UP-TO-DATE
> Task :app:checkDebugAndroidTestDuplicateClasses UP-TO-DATE
> Task :app:desugarDebugAndroidTestFileDependencies UP-TO-DATE
> Task :app:mergeExtDexDebugAndroidTest UP-TO-DATE
> Task :app:mergeLibDexDebugAndroidTest UP-TO-DATE
> Task :app:checkDebugAndroidTestAarMetadata UP-TO-DATE
> Task :app:mapDebugAndroidTestSourceSetPaths UP-TO-DATE
> Task :app:compileDebugAndroidTestNavigationResources UP-TO-DATE
> Task :app:mergeDebugAndroidTestResources UP-TO-DATE
> Task :app:processDebugAndroidTestResources UP-TO-DATE
> Task :app:dexBuilderDebugAndroidTest
> Task :app:mergeProjectDexDebugAndroidTest
> Task :app:mergeDebugAndroidTestJniLibFolders UP-TO-DATE
> Task :app:mergeDebugAndroidTestNativeLibs NO-SOURCE
> Task :app:stripDebugAndroidTestDebugSymbols NO-SOURCE
> Task :app:validateSigningDebugAndroidTest UP-TO-DATE
> Task :app:writeDebugAndroidTestSigningConfigVersions UP-TO-DATE
> Task :app:packageDebugAndroidTest
> Task :app:createDebugAndroidTestApkListingFileRedirect UP-TO-DATE
> Task :app:assembleDebugAndroidTest
> Task :app:bundleDebugClassesToRuntimeJar
> Task :app:preDebugUnitTestBuild UP-TO-DATE
> Task :app:compileDebugUnitTestKotlin
> Task :app:javaPreCompileDebugUnitTest UP-TO-DATE
> Task :app:compileDebugUnitTestJavaWithJavac NO-SOURCE
> Task :app:processDebugUnitTestJavaRes UP-TO-DATE
> Task :app:testDebugUnitTest
> Task :app:generateDebugAndroidTestLintModel
> Task :app:extractProguardFiles UP-TO-DATE
> Task :app:generateDebugLintReportModel
> Task :app:generateDebugUnitTestLintModel
> Task :app:lintAnalyzeDebug
> Task :app:lintAnalyzeDebugAndroidTest
> Task :app:lintAnalyzeDebugUnitTest

> Task :app:lintReportDebug
Wrote HTML report to file:///C:/Users/AKSHIT%20JAIN/AppData/Local/SETU/android-build/reports/lint-results-debug.html

> Task :app:lintDebug

BUILD SUCCESSFUL in 3m 10s
88 actionable tasks: 26 executed, 62 up-to-date
Consider enabling configuration cache to speed up this build: https://docs.gradle.org/9.4.1/userguide/configuration_cache_enabling.html

C:\Users\AKSHIT JAIN\OneDrive\Desktop\something-main\data\query\SETU>if 0 EQU 0 goto mainEnd 

C:\Users\AKSHIT JAIN\OneDrive\Desktop\something-main\data\query\SETU>if "Windows_NT" == "Windows_NT" endlocal
