INSTRUMENTATION_STATUS: class=com.setu.navigator.CompiledRoadGraphTest
INSTRUMENTATION_STATUS: current=1
INSTRUMENTATION_STATUS: id=AndroidJUnitRunner
INSTRUMENTATION_STATUS: numtests=53
INSTRUMENTATION_STATUS: stream=
com.setu.navigator.CompiledRoadGraphTest:
INSTRUMENTATION_STATUS: test=pythonCompiledFixtureMatchesJsonRoutesAndOneWaySemantics
INSTRUMENTATION_STATUS_CODE: 1
INSTRUMENTATION_STATUS: class=com.setu.navigator.CompiledRoadGraphTest
INSTRUMENTATION_STATUS: current=1
INSTRUMENTATION_STATUS: id=AndroidJUnitRunner
INSTRUMENTATION_STATUS: numtests=53
INSTRUMENTATION_STATUS: stream=.
INSTRUMENTATION_STATUS: test=pythonCompiledFixtureMatchesJsonRoutesAndOneWaySemantics
INSTRUMENTATION_STATUS_CODE: 0
INSTRUMENTATION_STATUS: class=com.setu.navigator.CompiledRoadGraphTest
INSTRUMENTATION_STATUS: current=2
INSTRUMENTATION_STATUS: id=AndroidJUnitRunner
INSTRUMENTATION_STATUS: numtests=53
INSTRUMENTATION_STATUS: stream=
INSTRUMENTATION_STATUS: test=ncrColdAndWarmRoutesUseMappedGraphAndRecoverCorruptCacheWithoutJsonParsing
INSTRUMENTATION_STATUS_CODE: 1
INSTRUMENTATION_STATUS: class=com.setu.navigator.CompiledRoadGraphTest
INSTRUMENTATION_STATUS: current=2
INSTRUMENTATION_STATUS: id=AndroidJUnitRunner
INSTRUMENTATION_STATUS: numtests=53
INSTRUMENTATION_STATUS: stream=.
INSTRUMENTATION_STATUS: test=ncrColdAndWarmRoutesUseMappedGraphAndRecoverCorruptCacheWithoutJsonParsing
INSTRUMENTATION_STATUS_CODE: 0
INSTRUMENTATION_STATUS: class=com.setu.navigator.GnssObservationTest
INSTRUMENTATION_STATUS: current=3
INSTRUMENTATION_STATUS: id=AndroidJUnitRunner
INSTRUMENTATION_STATUS: numtests=53
INSTRUMENTATION_STATUS: stream=
com.setu.navigator.GnssObservationTest:
INSTRUMENTATION_STATUS: test=duplicateDelayedAndFutureFixesDoNotReplaceLatestOrEnterLog
INSTRUMENTATION_STATUS_CODE: 1
INSTRUMENTATION_STATUS: class=com.setu.navigator.GnssObservationTest
INSTRUMENTATION_STATUS: current=3
INSTRUMENTATION_STATUS: id=AndroidJUnitRunner
INSTRUMENTATION_STATUS: numtests=53
INSTRUMENTATION_STATUS: stream=.
INSTRUMENTATION_STATUS: test=duplicateDelayedAndFutureFixesDoNotReplaceLatestOrEnterLog
INSTRUMENTATION_STATUS_CODE: 0
INSTRUMENTATION_STATUS: class=com.setu.navigator.GnssObservationTest
INSTRUMENTATION_STATUS: current=4
INSTRUMENTATION_STATUS: id=AndroidJUnitRunner
INSTRUMENTATION_STATUS: numtests=53
INSTRUMENTATION_STATUS: stream=
INSTRUMENTATION_STATUS: test=malformedMeasurementMetadataIsRejected
INSTRUMENTATION_STATUS_CODE: 1
INSTRUMENTATION_STATUS: class=com.setu.navigator.GnssObservationTest
INSTRUMENTATION_STATUS: current=4
INSTRUMENTATION_STATUS: id=AndroidJUnitRunner
INSTRUMENTATION_STATUS: numtests=53
INSTRUMENTATION_STATUS: stream=.
INSTRUMENTATION_STATUS: test=malformedMeasurementMetadataIsRejected
INSTRUMENTATION_STATUS_CODE: 0
INSTRUMENTATION_STATUS: class=com.setu.navigator.GnssObservationTest
INSTRUMENTATION_STATUS: current=5
INSTRUMENTATION_STATUS: id=AndroidJUnitRunner
INSTRUMENTATION_STATUS: numtests=53
INSTRUMENTATION_STATUS: stream=
INSTRUMENTATION_STATUS: test=invalidOrOrphanMeasurementsCannotBecomeObservations
INSTRUMENTATION_STATUS_CODE: 1
INSTRUMENTATION_STATUS: class=com.setu.navigator.GnssObservationTest
INSTRUMENTATION_STATUS: current=5
INSTRUMENTATION_STATUS: id=AndroidJUnitRunner
INSTRUMENTATION_STATUS: numtests=53
INSTRUMENTATION_STATUS: stream=.
INSTRUMENTATION_STATUS: test=invalidOrOrphanMeasurementsCannotBecomeObservations
INSTRUMENTATION_STATUS_CODE: 0
INSTRUMENTATION_STATUS: class=com.setu.navigator.GnssObservationTest
INSTRUMENTATION_STATUS: current=6
INSTRUMENTATION_STATUS: id=AndroidJUnitRunner
INSTRUMENTATION_STATUS: numtests=53
INSTRUMENTATION_STATUS: stream=
INSTRUMENTATION_STATUS: test=optionalMeasurementsPreserveMissingAndMeasuredZero
INSTRUMENTATION_STATUS_CODE: 1
INSTRUMENTATION_STATUS: class=com.setu.navigator.GnssObservationTest
INSTRUMENTATION_STATUS: current=6
INSTRUMENTATION_STATUS: id=AndroidJUnitRunner
INSTRUMENTATION_STATUS: numtests=53
INSTRUMENTATION_STATUS: stream=.
INSTRUMENTATION_STATUS: test=optionalMeasurementsPreserveMissingAndMeasuredZero
INSTRUMENTATION_STATUS_CODE: 0
INSTRUMENTATION_STATUS: class=com.setu.navigator.GnssObservationTest
INSTRUMENTATION_STATUS: current=7
INSTRUMENTATION_STATUS: id=AndroidJUnitRunner
INSTRUMENTATION_STATUS: numtests=53
INSTRUMENTATION_STATUS: stream=
INSTRUMENTATION_STATUS: test=legacyZeroMeasurementsAreUnknownAndNonzeroValuesSurvive
INSTRUMENTATION_STATUS_CODE: 1
INSTRUMENTATION_STATUS: class=com.setu.navigator.GnssObservationTest
INSTRUMENTATION_STATUS: current=7
INSTRUMENTATION_STATUS: id=AndroidJUnitRunner
INSTRUMENTATION_STATUS: numtests=53
INSTRUMENTATION_STATUS: stream=.
INSTRUMENTATION_STATUS: test=legacyZeroMeasurementsAreUnknownAndNonzeroValuesSurvive
INSTRUMENTATION_STATUS_CODE: 0
INSTRUMENTATION_STATUS: class=com.setu.navigator.MapPackStoreTest
INSTRUMENTATION_STATUS: current=8
INSTRUMENTATION_STATUS: id=AndroidJUnitRunner
INSTRUMENTATION_STATUS: numtests=53
INSTRUMENTATION_STATUS: stream=
com.setu.navigator.MapPackStoreTest:
INSTRUMENTATION_STATUS: test=invalidGeometryMetadataAndGraphAreRejected
INSTRUMENTATION_STATUS_CODE: 1
INSTRUMENTATION_STATUS: class=com.setu.navigator.MapPackStoreTest
INSTRUMENTATION_STATUS: current=8
INSTRUMENTATION_STATUS: id=AndroidJUnitRunner
INSTRUMENTATION_STATUS: numtests=53
INSTRUMENTATION_STATUS: stream=.
INSTRUMENTATION_STATUS: test=invalidGeometryMetadataAndGraphAreRejected
INSTRUMENTATION_STATUS_CODE: 0
INSTRUMENTATION_STATUS: class=com.setu.navigator.MapPackStoreTest
INSTRUMENTATION_STATUS: current=9
INSTRUMENTATION_STATUS: id=AndroidJUnitRunner
INSTRUMENTATION_STATUS: numtests=53
INSTRUMENTATION_STATUS: stream=
INSTRUMENTATION_STATUS: test=includedNcrUsesBoundedLocalVectorTiles
INSTRUMENTATION_STATUS_CODE: 1
INSTRUMENTATION_STATUS: class=com.setu.navigator.MapPackStoreTest
INSTRUMENTATION_STATUS: current=9
INSTRUMENTATION_STATUS: id=AndroidJUnitRunner
INSTRUMENTATION_STATUS: numtests=53
INSTRUMENTATION_STATUS: stream=.
INSTRUMENTATION_STATUS: test=includedNcrUsesBoundedLocalVectorTiles
INSTRUMENTATION_STATUS_CODE: 0
INSTRUMENTATION_STATUS: class=com.setu.navigator.MapPackStoreTest
INSTRUMENTATION_STATUS: current=10
INSTRUMENTATION_STATUS: id=AndroidJUnitRunner
INSTRUMENTATION_STATUS: numtests=53
INSTRUMENTATION_STATUS: stream=
INSTRUMENTATION_STATUS: test=corruptInstalledMapCannotActivateAndRestoresFallback
INSTRUMENTATION_STATUS_CODE: 1
INSTRUMENTATION_STATUS: class=com.setu.navigator.MapPackStoreTest
INSTRUMENTATION_STATUS: current=10
INSTRUMENTATION_STATUS: id=AndroidJUnitRunner
INSTRUMENTATION_STATUS: numtests=53
INSTRUMENTATION_STATUS: stream=.
INSTRUMENTATION_STATUS: test=corruptInstalledMapCannotActivateAndRestoresFallback
INSTRUMENTATION_STATUS_CODE: 0
INSTRUMENTATION_STATUS: class=com.setu.navigator.MapPackStoreTest
INSTRUMENTATION_STATUS: current=11
INSTRUMENTATION_STATUS: id=AndroidJUnitRunner
INSTRUMENTATION_STATUS: numtests=53
INSTRUMENTATION_STATUS: stream=
INSTRUMENTATION_STATUS: test=installActivateRestoreAndRemovePreserveFallback
INSTRUMENTATION_STATUS_CODE: 1
INSTRUMENTATION_STATUS: class=com.setu.navigator.MapPackStoreTest
INSTRUMENTATION_STATUS: current=11
INSTRUMENTATION_STATUS: id=AndroidJUnitRunner
INSTRUMENTATION_STATUS: numtests=53
INSTRUMENTATION_STATUS: stream=.
INSTRUMENTATION_STATUS: test=installActivateRestoreAndRemovePreserveFallback
INSTRUMENTATION_STATUS_CODE: 0
INSTRUMENTATION_STATUS: class=com.setu.navigator.MapPackStoreTest
INSTRUMENTATION_STATUS: current=12
INSTRUMENTATION_STATUS: id=AndroidJUnitRunner
INSTRUMENTATION_STATUS: numtests=53
INSTRUMENTATION_STATUS: stream=
INSTRUMENTATION_STATUS: test=includedNcrCoversCitiesAndRoutesShahdaraToMait
INSTRUMENTATION_STATUS_CODE: 1
INSTRUMENTATION_STATUS: class=com.setu.navigator.MapPackStoreTest
INSTRUMENTATION_STATUS: current=12
INSTRUMENTATION_STATUS: id=AndroidJUnitRunner
INSTRUMENTATION_STATUS: numtests=53
INSTRUMENTATION_STATUS: stream=.
INSTRUMENTATION_STATUS: test=includedNcrCoversCitiesAndRoutesShahdaraToMait
INSTRUMENTATION_STATUS_CODE: 0
INSTRUMENTATION_STATUS: class=com.setu.navigator.MapPackStoreTest
INSTRUMENTATION_STATUS: current=13
INSTRUMENTATION_STATUS: id=AndroidJUnitRunner
INSTRUMENTATION_STATUS: numtests=53
INSTRUMENTATION_STATUS: stream=
INSTRUMENTATION_STATUS: test=revisionsNeverSilentlyReplaceOrDowngrade
INSTRUMENTATION_STATUS_CODE: 1
INSTRUMENTATION_STATUS: class=com.setu.navigator.MapPackStoreTest
INSTRUMENTATION_STATUS: current=13
INSTRUMENTATION_STATUS: id=AndroidJUnitRunner
INSTRUMENTATION_STATUS: numtests=53
INSTRUMENTATION_STATUS: stream=.
INSTRUMENTATION_STATUS: test=revisionsNeverSilentlyReplaceOrDowngrade
INSTRUMENTATION_STATUS_CODE: 0
INSTRUMENTATION_STATUS: class=com.setu.navigator.MapPackStoreTest
INSTRUMENTATION_STATUS: current=14
INSTRUMENTATION_STATUS: id=AndroidJUnitRunner
INSTRUMENTATION_STATUS: numtests=53
INSTRUMENTATION_STATUS: stream=
INSTRUMENTATION_STATUS: test=directDownloadChecksHashAndDoesNotActivateAutomatically
INSTRUMENTATION_STATUS_CODE: 1
INSTRUMENTATION_STATUS: class=com.setu.navigator.MapPackStoreTest
INSTRUMENTATION_STATUS: current=14
INSTRUMENTATION_STATUS: id=AndroidJUnitRunner
INSTRUMENTATION_STATUS: numtests=53
INSTRUMENTATION_STATUS: stream=.
INSTRUMENTATION_STATUS: test=directDownloadChecksHashAndDoesNotActivateAutomatically
INSTRUMENTATION_STATUS_CODE: 0
INSTRUMENTATION_STATUS: class=com.setu.navigator.MapPackStoreTest
INSTRUMENTATION_STATUS: current=15
INSTRUMENTATION_STATUS: id=AndroidJUnitRunner
INSTRUMENTATION_STATUS: numtests=53
INSTRUMENTATION_STATUS: stream=
INSTRUMENTATION_STATUS: test=badArchivesAndChecksumsLeaveNoInstalledFiles
INSTRUMENTATION_STATUS_CODE: 1
INSTRUMENTATION_STATUS: class=com.setu.navigator.MapPackStoreTest
INSTRUMENTATION_STATUS: current=15
INSTRUMENTATION_STATUS: id=AndroidJUnitRunner
INSTRUMENTATION_STATUS: numtests=53
INSTRUMENTATION_STATUS: stream=.
INSTRUMENTATION_STATUS: test=badArchivesAndChecksumsLeaveNoInstalledFiles
INSTRUMENTATION_STATUS_CODE: 0
INSTRUMENTATION_STATUS: class=com.setu.navigator.MapPackStoreTest
INSTRUMENTATION_STATUS: current=16
INSTRUMENTATION_STATUS: id=AndroidJUnitRunner
INSTRUMENTATION_STATUS: numtests=53
INSTRUMENTATION_STATUS: stream=
INSTRUMENTATION_STATUS: test=cancellationKeepsThePreviousMapAndCleansStaging
INSTRUMENTATION_STATUS_CODE: 1
INSTRUMENTATION_STATUS: class=com.setu.navigator.MapPackStoreTest
INSTRUMENTATION_STATUS: current=16
INSTRUMENTATION_STATUS: id=AndroidJUnitRunner
INSTRUMENTATION_STATUS: numtests=53
INSTRUMENTATION_STATUS: stream=.
INSTRUMENTATION_STATUS: test=cancellationKeepsThePreviousMapAndCleansStaging
INSTRUMENTATION_STATUS_CODE: 0
INSTRUMENTATION_STATUS: class=com.setu.navigator.MapPackStoreTest
INSTRUMENTATION_STATUS: current=17
INSTRUMENTATION_STATUS: id=AndroidJUnitRunner
INSTRUMENTATION_STATUS: numtests=53
INSTRUMENTATION_STATUS: stream=
INSTRUMENTATION_STATUS: test=failedDownloadsNeverInstallOrFollowRedirects
INSTRUMENTATION_STATUS_CODE: 1
INSTRUMENTATION_STATUS: class=com.setu.navigator.MapPackStoreTest
INSTRUMENTATION_STATUS: current=17
INSTRUMENTATION_STATUS: id=AndroidJUnitRunner
INSTRUMENTATION_STATUS: numtests=53
INSTRUMENTATION_STATUS: stream=.
INSTRUMENTATION_STATUS: test=failedDownloadsNeverInstallOrFollowRedirects
INSTRUMENTATION_STATUS_CODE: 0
INSTRUMENTATION_STATUS: class=com.setu.navigator.MapRenderingTest
INSTRUMENTATION_STATUS: current=18
INSTRUMENTATION_STATUS: id=AndroidJUnitRunner
INSTRUMENTATION_STATUS: numtests=53
INSTRUMENTATION_STATUS: stream=
com.setu.navigator.MapRenderingTest:
INSTRUMENTATION_STATUS: test=ncrTilesRenderAcrossZoomsAndRepeatedMapDisposalWithoutHeapGrowth
INSTRUMENTATION_STATUS_CODE: 1
INSTRUMENTATION_STATUS: class=com.setu.navigator.MapRenderingTest
INSTRUMENTATION_STATUS: current=18
INSTRUMENTATION_STATUS: id=AndroidJUnitRunner
INSTRUMENTATION_STATUS: numtests=53
INSTRUMENTATION_STATUS: stack=java.lang.IllegalStateException: No compose hierarchies found in the app. Possible reasons include: (1) the Activity that calls setContent did not launch; (2) setContent was not called; (3) setContent was called before the ComposeTestRule ran. If setContent is called by the Activity, make sure the Activity is launched after the ComposeTestRule runs
	at androidx.compose.ui.test.TestOwnerKt.getAllSemanticsNodes(TestOwner.kt:117)
	at androidx.compose.ui.test.TestOwnerKt.getAllSemanticsNodes$default(TestOwner.kt:109)
	at androidx.compose.ui.test.SemanticsNodeInteractionCollection.fetchSemanticsNodes(SemanticsNodeInteraction.kt:249)
	at androidx.compose.ui.test.SemanticsNodeInteractionCollection.fetchSemanticsNodes$default(SemanticsNodeInteraction.kt:245)
	at com.setu.navigator.MapRenderingTest.ncrTilesRenderAcrossZoomsAndRepeatedMapDisposalWithoutHeapGrowth$waitForRoads$lambda$3(MapRenderingTest.kt:54)
	at com.setu.navigator.MapRenderingTest$$ExternalSyntheticLambda11.invoke(D8$$SyntheticClass:0)
	at androidx.compose.ui.test.AndroidComposeUiTestEnvironment$AndroidComposeUiTestImpl.waitUntil(ComposeUiTest.android.kt:893)
	at androidx.compose.ui.test.junit4.AndroidComposeTestRule.waitUntil(AndroidComposeTestRule.android.kt:500)
	at com.setu.navigator.MapRenderingTest.ncrTilesRenderAcrossZoomsAndRepeatedMapDisposalWithoutHeapGrowth$waitForRoads(MapRenderingTest.kt:52)
	at com.setu.navigator.MapRenderingTest.ncrTilesRenderAcrossZoomsAndRepeatedMapDisposalWithoutHeapGrowth(MapRenderingTest.kt:65)

INSTRUMENTATION_STATUS: stream=
Error in ncrTilesRenderAcrossZoomsAndRepeatedMapDisposalWithoutHeapGrowth(com.setu.navigator.MapRenderingTest):
java.lang.IllegalStateException: No compose hierarchies found in the app. Possible reasons include: (1) the Activity that calls setContent did not launch; (2) setContent was not called; (3) setContent was called before the ComposeTestRule ran. If setContent is called by the Activity, make sure the Activity is launched after the ComposeTestRule runs
	at androidx.compose.ui.test.TestOwnerKt.getAllSemanticsNodes(TestOwner.kt:117)
	at androidx.compose.ui.test.TestOwnerKt.getAllSemanticsNodes$default(TestOwner.kt:109)
	at androidx.compose.ui.test.SemanticsNodeInteractionCollection.fetchSemanticsNodes(SemanticsNodeInteraction.kt:249)
	at androidx.compose.ui.test.SemanticsNodeInteractionCollection.fetchSemanticsNodes$default(SemanticsNodeInteraction.kt:245)
	at com.setu.navigator.MapRenderingTest.ncrTilesRenderAcrossZoomsAndRepeatedMapDisposalWithoutHeapGrowth$waitForRoads$lambda$3(MapRenderingTest.kt:54)
	at com.setu.navigator.MapRenderingTest$$ExternalSyntheticLambda11.invoke(D8$$SyntheticClass:0)
	at androidx.compose.ui.test.AndroidComposeUiTestEnvironment$AndroidComposeUiTestImpl.waitUntil(ComposeUiTest.android.kt:893)
	at androidx.compose.ui.test.junit4.AndroidComposeTestRule.waitUntil(AndroidComposeTestRule.android.kt:500)
	at com.setu.navigator.MapRenderingTest.ncrTilesRenderAcrossZoomsAndRepeatedMapDisposalWithoutHeapGrowth$waitForRoads(MapRenderingTest.kt:52)
	at com.setu.navigator.MapRenderingTest.ncrTilesRenderAcrossZoomsAndRepeatedMapDisposalWithoutHeapGrowth(MapRenderingTest.kt:65)

INSTRUMENTATION_STATUS: test=ncrTilesRenderAcrossZoomsAndRepeatedMapDisposalWithoutHeapGrowth
INSTRUMENTATION_STATUS_CODE: -2
INSTRUMENTATION_STATUS: class=com.setu.navigator.ModelConsentTest
INSTRUMENTATION_STATUS: current=19
INSTRUMENTATION_STATUS: id=AndroidJUnitRunner
INSTRUMENTATION_STATUS: numtests=53
INSTRUMENTATION_STATUS: stream=
com.setu.navigator.ModelConsentTest:
INSTRUMENTATION_STATUS: test=legacyFlagDoesNotAuthorizeUploadsAndChangingServersRevokesConsent
INSTRUMENTATION_STATUS_CODE: 1
INSTRUMENTATION_STATUS: class=com.setu.navigator.ModelConsentTest
INSTRUMENTATION_STATUS: current=19
INSTRUMENTATION_STATUS: id=AndroidJUnitRunner
INSTRUMENTATION_STATUS: numtests=53
INSTRUMENTATION_STATUS: stream=.
INSTRUMENTATION_STATUS: test=legacyFlagDoesNotAuthorizeUploadsAndChangingServersRevokesConsent
INSTRUMENTATION_STATUS_CODE: 0
INSTRUMENTATION_STATUS: class=com.setu.navigator.ModelProviderTest
INSTRUMENTATION_STATUS: current=20
INSTRUMENTATION_STATUS: id=AndroidJUnitRunner
INSTRUMENTATION_STATUS: numtests=53
INSTRUMENTATION_STATUS: stream=
com.setu.navigator.ModelProviderTest:
INSTRUMENTATION_STATUS: test=unavailableRetainsReasonRatherThanPretendingTheVehicleStopped
INSTRUMENTATION_STATUS_CODE: 1
INSTRUMENTATION_STATUS: class=com.setu.navigator.ModelProviderTest
INSTRUMENTATION_STATUS: current=20
INSTRUMENTATION_STATUS: id=AndroidJUnitRunner
INSTRUMENTATION_STATUS: numtests=53
INSTRUMENTATION_STATUS: stream=.
INSTRUMENTATION_STATUS: test=unavailableRetainsReasonRatherThanPretendingTheVehicleStopped
INSTRUMENTATION_STATUS_CODE: 0
INSTRUMENTATION_STATUS: class=com.setu.navigator.ModelProviderTest
INSTRUMENTATION_STATUS: current=21
INSTRUMENTATION_STATUS: id=AndroidJUnitRunner
INSTRUMENTATION_STATUS: numtests=53
INSTRUMENTATION_STATUS: stream=
INSTRUMENTATION_STATUS: test=malformedAndOutOfWindowMeasurementsAreRejected
INSTRUMENTATION_STATUS_CODE: 1
INSTRUMENTATION_STATUS: class=com.setu.navigator.ModelProviderTest
INSTRUMENTATION_STATUS: current=21
INSTRUMENTATION_STATUS: id=AndroidJUnitRunner
INSTRUMENTATION_STATUS: numtests=53
INSTRUMENTATION_STATUS: stream=.
INSTRUMENTATION_STATUS: test=malformedAndOutOfWindowMeasurementsAreRejected
INSTRUMENTATION_STATUS_CODE: 0
INSTRUMENTATION_STATUS: class=com.setu.navigator.ModelProviderTest
INSTRUMENTATION_STATUS: current=22
INSTRUMENTATION_STATUS: id=AndroidJUnitRunner
INSTRUMENTATION_STATUS: numtests=53
INSTRUMENTATION_STATUS: stream=
INSTRUMENTATION_STATUS: test=cancellingADownloadDoesNotWaitForTheReadTimeout
INSTRUMENTATION_STATUS_CODE: 1
INSTRUMENTATION_STATUS: class=com.setu.navigator.ModelProviderTest
INSTRUMENTATION_STATUS: current=22
INSTRUMENTATION_STATUS: id=AndroidJUnitRunner
INSTRUMENTATION_STATUS: numtests=53
INSTRUMENTATION_STATUS: stream=.
INSTRUMENTATION_STATUS: test=cancellingADownloadDoesNotWaitForTheReadTimeout
INSTRUMENTATION_STATUS_CODE: 0
INSTRUMENTATION_STATUS: class=com.setu.navigator.ModelProviderTest
INSTRUMENTATION_STATUS: current=23
INSTRUMENTATION_STATUS: id=AndroidJUnitRunner
INSTRUMENTATION_STATUS: numtests=53
INSTRUMENTATION_STATUS: stream=
INSTRUMENTATION_STATUS: test=healthPreservesExperimentalWarningAndInferenceContainsNoLocation
INSTRUMENTATION_STATUS_CODE: 1
INSTRUMENTATION_STATUS: class=com.setu.navigator.ModelProviderTest
INSTRUMENTATION_STATUS: current=23
INSTRUMENTATION_STATUS: id=AndroidJUnitRunner
INSTRUMENTATION_STATUS: numtests=53
INSTRUMENTATION_STATUS: stream=.
INSTRUMENTATION_STATUS: test=healthPreservesExperimentalWarningAndInferenceContainsNoLocation
INSTRUMENTATION_STATUS_CODE: 0
INSTRUMENTATION_STATUS: class=com.setu.navigator.ModelProviderTest
INSTRUMENTATION_STATUS: current=24
INSTRUMENTATION_STATUS: id=AndroidJUnitRunner
INSTRUMENTATION_STATUS: numtests=53
INSTRUMENTATION_STATUS: stream=
INSTRUMENTATION_STATUS: test=urlAndWindowValidationHappenBeforeNetworkTraffic
INSTRUMENTATION_STATUS_CODE: 1
INSTRUMENTATION_STATUS: class=com.setu.navigator.ModelProviderTest
INSTRUMENTATION_STATUS: current=24
INSTRUMENTATION_STATUS: id=AndroidJUnitRunner
INSTRUMENTATION_STATUS: numtests=53
INSTRUMENTATION_STATUS: stream=.
INSTRUMENTATION_STATUS: test=urlAndWindowValidationHappenBeforeNetworkTraffic
INSTRUMENTATION_STATUS_CODE: 0
INSTRUMENTATION_STATUS: class=com.setu.navigator.ModelProviderTest
INSTRUMENTATION_STATUS: current=25
INSTRUMENTATION_STATUS: id=AndroidJUnitRunner
INSTRUMENTATION_STATUS: numtests=53
INSTRUMENTATION_STATUS: stream=
INSTRUMENTATION_STATUS: test=redirectsOversizedResponsesAndUnknownHealthAreRejected
INSTRUMENTATION_STATUS_CODE: 1
INSTRUMENTATION_STATUS: class=com.setu.navigator.ModelProviderTest
INSTRUMENTATION_STATUS: current=25
INSTRUMENTATION_STATUS: id=AndroidJUnitRunner
INSTRUMENTATION_STATUS: numtests=53
INSTRUMENTATION_STATUS: stream=.
INSTRUMENTATION_STATUS: test=redirectsOversizedResponsesAndUnknownHealthAreRejected
INSTRUMENTATION_STATUS_CODE: 0
INSTRUMENTATION_STATUS: class=com.setu.navigator.NativeEngineTest
INSTRUMENTATION_STATUS: current=26
INSTRUMENTATION_STATUS: id=AndroidJUnitRunner
INSTRUMENTATION_STATUS: numtests=53
INSTRUMENTATION_STATUS: stream=
com.setu.navigator.NativeEngineTest:
INSTRUMENTATION_STATUS: test=horizontalVelocityUpdateDoesNotInventVerticalSpeed
INSTRUMENTATION_STATUS_CODE: 1
INSTRUMENTATION_STATUS: class=com.setu.navigator.NativeEngineTest
INSTRUMENTATION_STATUS: current=26
INSTRUMENTATION_STATUS: id=AndroidJUnitRunner
INSTRUMENTATION_STATUS: numtests=53
INSTRUMENTATION_STATUS: stream=.
INSTRUMENTATION_STATUS: test=horizontalVelocityUpdateDoesNotInventVerticalSpeed
INSTRUMENTATION_STATUS_CODE: 0
INSTRUMENTATION_STATUS: class=com.setu.navigator.NativeEngineTest
INSTRUMENTATION_STATUS: current=27
INSTRUMENTATION_STATUS: id=AndroidJUnitRunner
INSTRUMENTATION_STATUS: numtests=53
INSTRUMENTATION_STATUS: stream=
INSTRUMENTATION_STATUS: test=magneticDeclinationMatchesPublishedNoaaWmm2025Examples
INSTRUMENTATION_STATUS_CODE: 1
INSTRUMENTATION_STATUS: class=com.setu.navigator.NativeEngineTest
INSTRUMENTATION_STATUS: current=27
INSTRUMENTATION_STATUS: id=AndroidJUnitRunner
INSTRUMENTATION_STATUS: numtests=53
INSTRUMENTATION_STATUS: stream=.
INSTRUMENTATION_STATUS: test=magneticDeclinationMatchesPublishedNoaaWmm2025Examples
INSTRUMENTATION_STATUS_CODE: 0
INSTRUMENTATION_STATUS: class=com.setu.navigator.NativeEngineTest
INSTRUMENTATION_STATUS: current=28
INSTRUMENTATION_STATUS: id=AndroidJUnitRunner
INSTRUMENTATION_STATUS: numtests=53
INSTRUMENTATION_STATUS: stream=
INSTRUMENTATION_STATUS: test=pendingFixDoesNotResetTheFilterAndOutageEventuallyWithholdsOutput
INSTRUMENTATION_STATUS_CODE: 1
INSTRUMENTATION_STATUS: class=com.setu.navigator.NativeEngineTest
INSTRUMENTATION_STATUS: current=28
INSTRUMENTATION_STATUS: id=AndroidJUnitRunner
INSTRUMENTATION_STATUS: numtests=53
INSTRUMENTATION_STATUS: stream=.
INSTRUMENTATION_STATUS: test=pendingFixDoesNotResetTheFilterAndOutageEventuallyWithholdsOutput
INSTRUMENTATION_STATUS_CODE: 0
INSTRUMENTATION_STATUS: class=com.setu.navigator.NativeEngineTest
INSTRUMENTATION_STATUS: current=29
INSTRUMENTATION_STATUS: id=AndroidJUnitRunner
INSTRUMENTATION_STATUS: numtests=53
INSTRUMENTATION_STATUS: stream=
INSTRUMENTATION_STATUS: test=measuredStopWithoutCourseUsesItsSpeedUncertainty
INSTRUMENTATION_STATUS_CODE: 1
INSTRUMENTATION_STATUS: class=com.setu.navigator.NativeEngineTest
INSTRUMENTATION_STATUS: current=29
INSTRUMENTATION_STATUS: id=AndroidJUnitRunner
INSTRUMENTATION_STATUS: numtests=53
INSTRUMENTATION_STATUS: stream=.
INSTRUMENTATION_STATUS: test=measuredStopWithoutCourseUsesItsSpeedUncertainty
INSTRUMENTATION_STATUS_CODE: 0
INSTRUMENTATION_STATUS: class=com.setu.navigator.NativeEngineTest
INSTRUMENTATION_STATUS: current=30
INSTRUMENTATION_STATUS: id=AndroidJUnitRunner
INSTRUMENTATION_STATUS: numtests=53
INSTRUMENTATION_STATUS: stream=
INSTRUMENTATION_STATUS: test=delayedCorrectionsMatchOnTimePropagationAndGeographicDisplacement
INSTRUMENTATION_STATUS_CODE: 1
INSTRUMENTATION_STATUS: class=com.setu.navigator.NativeEngineTest
INSTRUMENTATION_STATUS: current=30
INSTRUMENTATION_STATUS: id=AndroidJUnitRunner
INSTRUMENTATION_STATUS: numtests=53
INSTRUMENTATION_STATUS: stream=.
INSTRUMENTATION_STATUS: test=delayedCorrectionsMatchOnTimePropagationAndGeographicDisplacement
INSTRUMENTATION_STATUS_CODE: 0
INSTRUMENTATION_STATUS: class=com.setu.navigator.NativeEngineTest
INSTRUMENTATION_STATUS: current=31
INSTRUMENTATION_STATUS: id=AndroidJUnitRunner
INSTRUMENTATION_STATUS: numtests=53
INSTRUMENTATION_STATUS: stream=
INSTRUMENTATION_STATUS: test=gapsWithholdTheEstimateAndRequireNewAlignmentInputs
INSTRUMENTATION_STATUS_CODE: 1
INSTRUMENTATION_STATUS: class=com.setu.navigator.NativeEngineTest
INSTRUMENTATION_STATUS: current=31
INSTRUMENTATION_STATUS: id=AndroidJUnitRunner
INSTRUMENTATION_STATUS: numtests=53
INSTRUMENTATION_STATUS: stream=.
INSTRUMENTATION_STATUS: test=gapsWithholdTheEstimateAndRequireNewAlignmentInputs
INSTRUMENTATION_STATUS_CODE: 0
INSTRUMENTATION_STATUS: class=com.setu.navigator.NativeEngineTest
INSTRUMENTATION_STATUS: current=32
INSTRUMENTATION_STATUS: id=AndroidJUnitRunner
INSTRUMENTATION_STATUS: numtests=53
INSTRUMENTATION_STATUS: stream=
INSTRUMENTATION_STATUS: test=initializationNeedsHeadingAndMissingAltitudeDoesNotBecomeSeaLevel
INSTRUMENTATION_STATUS_CODE: 1
INSTRUMENTATION_STATUS: class=com.setu.navigator.NativeEngineTest
INSTRUMENTATION_STATUS: current=32
INSTRUMENTATION_STATUS: id=AndroidJUnitRunner
INSTRUMENTATION_STATUS: numtests=53
INSTRUMENTATION_STATUS: stream=.
INSTRUMENTATION_STATUS: test=initializationNeedsHeadingAndMissingAltitudeDoesNotBecomeSeaLevel
INSTRUMENTATION_STATUS_CODE: 0
INSTRUMENTATION_STATUS: class=com.setu.navigator.NativeEngineTest
INSTRUMENTATION_STATUS: current=33
INSTRUMENTATION_STATUS: id=AndroidJUnitRunner
INSTRUMENTATION_STATUS: numtests=53
INSTRUMENTATION_STATUS: stream=
INSTRUMENTATION_STATUS: test=gatesAndInvalidTimestampsDoNotMoveTheState
INSTRUMENTATION_STATUS_CODE: 1
INSTRUMENTATION_STATUS: class=com.setu.navigator.NativeEngineTest
INSTRUMENTATION_STATUS: current=33
INSTRUMENTATION_STATUS: id=AndroidJUnitRunner
INSTRUMENTATION_STATUS: numtests=53
INSTRUMENTATION_STATUS: stream=.
INSTRUMENTATION_STATUS: test=gatesAndInvalidTimestampsDoNotMoveTheState
INSTRUMENTATION_STATUS_CODE: 0
INSTRUMENTATION_STATUS: class=com.setu.navigator.NativeFilterTest
INSTRUMENTATION_STATUS: current=34
INSTRUMENTATION_STATUS: id=AndroidJUnitRunner
INSTRUMENTATION_STATUS: numtests=53
INSTRUMENTATION_STATUS: stream=
com.setu.navigator.NativeFilterTest:
INSTRUMENTATION_STATUS: test=matchesPythonAcrossPropagationAndEveryMeasurementChannel
INSTRUMENTATION_STATUS_CODE: 1
INSTRUMENTATION_STATUS: class=com.setu.navigator.NativeFilterTest
INSTRUMENTATION_STATUS: current=34
INSTRUMENTATION_STATUS: id=AndroidJUnitRunner
INSTRUMENTATION_STATUS: numtests=53
INSTRUMENTATION_STATUS: stream=.
INSTRUMENTATION_STATUS: test=matchesPythonAcrossPropagationAndEveryMeasurementChannel
INSTRUMENTATION_STATUS_CODE: 0
INSTRUMENTATION_STATUS: class=com.setu.navigator.NativeFilterTest
INSTRUMENTATION_STATUS: current=35
INSTRUMENTATION_STATUS: id=AndroidJUnitRunner
INSTRUMENTATION_STATUS: numtests=53
INSTRUMENTATION_STATUS: stream=
INSTRUMENTATION_STATUS: test=invalidSamplesDoNotCorruptStateAndClosedHandlesAreSafe
INSTRUMENTATION_STATUS_CODE: 1
INSTRUMENTATION_STATUS: class=com.setu.navigator.NativeFilterTest
INSTRUMENTATION_STATUS: current=35
INSTRUMENTATION_STATUS: id=AndroidJUnitRunner
INSTRUMENTATION_STATUS: numtests=53
INSTRUMENTATION_STATUS: stream=.
INSTRUMENTATION_STATUS: test=invalidSamplesDoNotCorruptStateAndClosedHandlesAreSafe
INSTRUMENTATION_STATUS_CODE: 0
INSTRUMENTATION_STATUS: class=com.setu.navigator.OfflineMapTest
INSTRUMENTATION_STATUS: current=36
INSTRUMENTATION_STATUS: id=AndroidJUnitRunner
INSTRUMENTATION_STATUS: numtests=53
INSTRUMENTATION_STATUS: stream=
com.setu.navigator.OfflineMapTest:
INSTRUMENTATION_STATUS: test=outOfCoverageOriginIsRejected
INSTRUMENTATION_STATUS_CODE: 1
INSTRUMENTATION_STATUS: class=com.setu.navigator.OfflineMapTest
INSTRUMENTATION_STATUS: current=36
INSTRUMENTATION_STATUS: id=AndroidJUnitRunner
INSTRUMENTATION_STATUS: numtests=53
INSTRUMENTATION_STATUS: stream=.
INSTRUMENTATION_STATUS: test=outOfCoverageOriginIsRejected
INSTRUMENTATION_STATUS_CODE: 0
INSTRUMENTATION_STATUS: class=com.setu.navigator.OfflineMapTest
INSTRUMENTATION_STATUS: current=37
INSTRUMENTATION_STATUS: id=AndroidJUnitRunner
INSTRUMENTATION_STATUS: numtests=53
INSTRUMENTATION_STATUS: stream=
INSTRUMENTATION_STATUS: test=includedDestinationsHaveDrivableRoutes
INSTRUMENTATION_STATUS_CODE: 1
INSTRUMENTATION_STATUS: class=com.setu.navigator.OfflineMapTest
INSTRUMENTATION_STATUS: current=37
INSTRUMENTATION_STATUS: id=AndroidJUnitRunner
INSTRUMENTATION_STATUS: numtests=53
INSTRUMENTATION_STATUS: stream=.
INSTRUMENTATION_STATUS: test=includedDestinationsHaveDrivableRoutes
INSTRUMENTATION_STATUS_CODE: 0
INSTRUMENTATION_STATUS: class=com.setu.navigator.OfflineTilesTest
INSTRUMENTATION_STATUS: current=38
INSTRUMENTATION_STATUS: id=AndroidJUnitRunner
INSTRUMENTATION_STATUS: numtests=53
INSTRUMENTATION_STATUS: stream=
com.setu.navigator.OfflineTilesTest:
INSTRUMENTATION_STATUS: test=missingTruncatedAndSameSizeCorruptTilesAreRepairedDespiteACompleteMarker
INSTRUMENTATION_STATUS_CODE: 1
INSTRUMENTATION_RESULT: shortMsg=Process crashed.
INSTRUMENTATION_CODE: 0
